[0.052s][info][gc] Using Serial
[17.685s][info][gc] GC(0) Pause Young (Allocation Failure) 5M->2M(19M) 9.792ms
[18.194s][info][gc] GC(1) Pause Young (Allocation Failure) 8M->3M(19M) 5.420ms
[20.996s][info][gc] GC(2) Pause Young (Allocation Failure) 9M->4M(19M) 6.607ms
[84.823s][info][gc] GC(3) Pause Young (Allocation Failure) 9M->4M(19M) 6.168ms
[204.827s][info][gc] GC(4) Pause Young (Allocation Failure) 9M->4M(19M) 2.459ms
[328.830s][info][gc] GC(5) Pause Young (Allocation Failure) 9M->4M(19M) 5.312ms
[448.853s][info][gc] GC(6) Pause Young (Allocation Failure) 9M->4M(19M) 5.132ms
[568.843s][info][gc] GC(7) Pause Young (Allocation Failure) 9M->4M(19M) 2.942ms
[696.859s][info][gc] GC(8) Pause Young (Allocation Failure) 9M->4M(19M) 5.423ms
[824.864s][info][gc] GC(9) Pause Young (Allocation Failure) 9M->4M(19M) 4.487ms
[952.888s][info][gc] GC(10) Pause Young (Allocation Failure) 9M->4M(19M) 5.655ms
[1080.903s][info][gc] GC(11) Pause Young (Allocation Failure) 9M->4M(19M) 3.980ms
[1212.910s][info][gc] GC(12) Pause Young (Allocation Failure) 9M->4M(19M) 5.649ms
[1344.917s][info][gc] GC(13) Pause Young (Allocation Failure) 9M->4M(19M) 6.035ms
[1476.923s][info][gc] GC(14) Pause Young (Allocation Failure) 9M->4M(19M) 1.683ms
[1581.085s][info][gc] GC(15) Pause Young (Allocation Failure) 9M->5M(19M) 5.390ms
[1716.939s][info][gc] GC(16) Pause Young (Allocation Failure) 10M->5M(19M) 3.516ms
[1848.951s][info][gc] GC(17) Pause Young (Allocation Failure) 10M->5M(19M) 1.726ms
[1980.968s][info][gc] GC(18) Pause Young (Allocation Failure) 10M->5M(19M) 3.284ms
[2112.988s][info][gc] GC(19) Pause Young (Allocation Failure) 10M->5M(19M) 3.433ms
[2245.001s][info][gc] GC(20) Pause Young (Allocation Failure) 10M->5M(19M) 4.624ms
[2381.000s][info][gc] GC(21) Pause Young (Allocation Failure) 10M->5M(19M) 3.060ms
[2513.011s][info][gc] GC(22) Pause Young (Allocation Failure) 11M->5M(19M) 0.928ms
[2645.038s][info][gc] GC(23) Pause Young (Allocation Failure) 11M->5M(19M) 2.607ms
[2722.152s][info][gc] GC(24) Pause Full (System.gc()) 8M->5M(19M) 18.269ms
[2740.172s][info][gc] GC(25) Pause Young (Allocation Failure) 11M->6M(19M) 1.967ms
[2740.183s][info][gc] GC(26) Pause Young (Allocation Failure) 12M->7M(19M) 0.880ms
[2740.196s][info][gc] GC(27) Pause Young (Allocation Failure) 12M->7M(19M) 0.903ms
[2740.206s][info][gc] GC(28) Pause Young (Allocation Failure) 12M->7M(19M) 0.793ms
[2740.213s][info][gc] GC(29) Pause Young (Allocation Failure) 12M->7M(19M) 0.486ms
[2821.051s][info][gc] GC(30) Pause Young (Allocation Failure) 13M->7M(19M) 0.957ms
[2953.071s][info][gc] GC(31) Pause Young (Allocation Failure) 12M->7M(19M) 1.502ms
[3085.081s][info][gc] GC(32) Pause Young (Allocation Failure) 12M->7M(19M) 1.692ms
[3221.084s][info][gc] GC(33) Pause Young (Allocation Failure) 12M->7M(19M) 2.373ms
[3353.101s][info][gc] GC(34) Pause Young (Allocation Failure) 12M->7M(19M) 2.047ms
[3485.117s][info][gc] GC(35) Pause Young (Allocation Failure) 12M->7M(19M) 1.913ms
[3617.138s][info][gc] GC(36) Pause Young (Allocation Failure) 12M->7M(19M) 1.864ms
[3753.132s][info][gc] GC(37) Pause Young (Allocation Failure) 12M->7M(19M) 1.978ms
[3885.146s][info][gc] GC(38) Pause Young (Allocation Failure) 12M->7M(19M) 2.006ms
[4017.159s][info][gc] GC(39) Pause Young (Allocation Failure) 12M->7M(19M) 2.124ms
[4149.173s][info][gc] GC(40) Pause Young (Allocation Failure) 12M->7M(19M) 2.161ms
[4281.195s][info][gc] GC(41) Pause Young (Allocation Failure) 12M->7M(19M) 2.094ms
[4413.198s][info][gc] GC(42) Pause Young (Allocation Failure) 12M->7M(19M) 0.874ms
[4489.913s][info][gc] GC(43) Pause Young (Allocation Failure) 12M->7M(19M) 1.823ms
[4549.230s][info][gc] GC(44) Pause Young (Allocation Failure) 12M->7M(19M) 3.211ms
[4681.239s][info][gc] GC(45) Pause Young (Allocation Failure) 12M->7M(19M) 3.721ms
[4789.232s][info][gc] GC(46) Pause Young (Allocation Failure) 12M->7M(19M) 2.025ms
[4893.245s][info][gc] GC(47) Pause Young (Allocation Failure) 12M->8M(19M) 1.446ms
[5025.273s][info][gc] GC(48) Pause Young (Allocation Failure) 13M->8M(19M) 2.001ms
[5161.267s][info][gc] GC(49) Pause Young (Allocation Failure) 13M->8M(19M) 3.241ms
[5293.284s][info][gc] GC(50) Pause Young (Allocation Failure) 13M->8M(19M) 3.116ms
[5425.300s][info][gc] GC(51) Pause Young (Allocation Failure) 13M->8M(19M) 2.243ms
[5526.229s][info][gc] GC(52) Pause Young (Allocation Failure) 13M->9M(19M) 2.000ms
[5526.239s][info][gc] GC(53) Pause Young (Allocation Failure) 14M->9M(19M) 1.241ms
[5526.250s][info][gc] GC(54) Pause Young (Allocation Failure) 15M->9M(19M) 1.735ms
[5526.259s][info][gc] GC(55) Pause Young (Allocation Failure) 15M->10M(19M) 0.879ms
[5526.267s][info][gc] GC(56) Pause Young (Allocation Failure) 15M->10M(19M) 0.923ms
[5526.274s][info][gc] GC(57) Pause Young (Allocation Failure) 14M->10M(19M) 0.467ms
[5571.136s][info][gc] GC(58) Pause Young (Allocation Failure) 15M->10M(19M) 1.528ms
[5571.146s][info][gc] GC(59) Pause Young (Allocation Failure) 16M->11M(19M) 0.587ms
[5571.153s][info][gc] GC(60) Pause Young (Allocation Failure) 16M->11M(19M) 0.648ms
[5571.161s][info][gc] GC(61) Pause Young (Allocation Failure) 16M->11M(19M) 0.958ms
[5571.169s][info][gc] GC(62) Pause Young (Allocation Failure) 16M->11M(19M) 0.591ms
[5597.004s][info][gc] GC(63) Pause Young (Allocation Failure) 17M->11M(19M) 0.629ms
[5597.013s][info][gc] GC(64) Pause Young (Allocation Failure) 16M->12M(19M) 1.134ms
[5597.021s][info][gc] GC(65) Pause Young (Allocation Failure) 17M->17M(19M) 0.075ms
[5597.046s][info][gc] GC(66) Pause Full (Allocation Failure) 17M->7M(19M) 24.140ms
[5597.054s][info][gc] GC(67) Pause Young (Allocation Failure) 12M->8M(19M) 0.557ms
[5597.060s][info][gc] GC(68) Pause Young (Allocation Failure) 13M->8M(19M) 0.696ms
[5597.067s][info][gc] GC(69) Pause Young (Allocation Failure) 13M->8M(19M) 0.452ms
[5802.987s][info][gc] GC(70) Pause Young (Allocation Failure) 13M->8M(19M) 0.970ms
[5802.996s][info][gc] GC(71) Pause Young (Allocation Failure) 13M->9M(19M) 0.973ms
[5803.005s][info][gc] GC(72) Pause Young (Allocation Failure) 14M->9M(19M) 0.722ms
[5803.014s][info][gc] GC(73) Pause Young (Allocation Failure) 14M->9M(19M) 0.734ms
[5803.022s][info][gc] GC(74) Pause Young (Allocation Failure) 14M->9M(19M) 0.572ms
[5803.030s][info][gc] GC(75) Pause Young (Allocation Failure) 15M->10M(19M) 0.437ms
