[0.034s][info][gc] Using Parallel
[1.213s][info][gc] GC(0) Pause Young (Allocation Failure) 3M->1M(11M) 20.623ms
[11.532s][info][gc] GC(1) Pause Young (Allocation Failure) 4M->2M(11M) 6.431ms
[11.711s][info][gc] GC(2) Pause Young (Allocation Failure) 5M->3M(11M) 3.990ms
[11.837s][info][gc] GC(3) Pause Young (Allocation Failure) 6M->3M(11M) 7.613ms
[11.937s][info][gc] GC(4) Pause Young (Allocation Failure) 6M->4M(11M) 5.661ms
[13.376s][info][gc] GC(5) Pause Young (Allocation Failure) 7M->5M(10M) 7.852ms
[13.499s][info][gc] GC(6) Pause Young (Allocation Failure) 7M->6M(11M) 4.577ms
[13.867s][info][gc] GC(7) Pause Young (Allocation Failure) 8M->6M(11M) 3.038ms
[14.148s][info][gc] GC(8) Pause Young (Allocation Failure) 8M->6M(11M) 2.982ms
[17.388s][info][gc] GC(9) Pause Young (Allocation Failure) 8M->7M(11M) 3.893ms
[17.425s][info][gc] GC(10) Pause Full (Ergonomics) 7M->4M(11M) 37.227ms
[31.364s][info][gc] GC(11) Pause Young (Allocation Failure) 6M->4M(11M) 1.099ms
[50.510s][info][gc] GC(12) Pause Young (Allocation Failure) 6M->4M(11M) 0.829ms
[70.564s][info][gc] GC(13) Pause Young (Allocation Failure) 6M->4M(11M) 0.617ms
[90.597s][info][gc] GC(14) Pause Young (Allocation Failure) 6M->4M(11M) 0.520ms
[100.611s][info][gc] GC(15) Pause Young (Allocation Failure) 6M->5M(11M) 0.764ms
[121.523s][info][gc] GC(16) Pause Young (Allocation Failure) 7M->5M(11M) 0.581ms
[141.643s][info][gc] GC(17) Pause Young (Allocation Failure) 7M->5M(11M) 0.415ms
[161.538s][info][gc] GC(18) Pause Young (Allocation Failure) 7M->5M(11M) 0.432ms
[167.547s][info][gc] GC(19) Pause Young (Allocation Failure) 7M->6M(11M) 1.969ms
[167.559s][info][gc] GC(20) Pause Young (Allocation Failure) 8M->6M(11M) 0.917ms
[167.611s][info][gc] GC(21) Pause Full (Ergonomics) 6M->5M(11M) 52.101ms
[167.618s][info][gc] GC(22) Pause Young (Allocation Failure) 7M->6M(11M) 1.244ms
[167.626s][info][gc] GC(23) Pause Young (Allocation Failure) 8M->6M(11M) 0.671ms
[167.633s][info][gc] GC(24) Pause Young (Allocation Failure) 8M->6M(11M) 0.510ms
[167.640s][info][gc] GC(25) Pause Young (Allocation Failure) 8M->6M(11M) 1.148ms
[167.647s][info][gc] GC(26) Pause Young (Allocation Failure) 8M->6M(11M) 0.477ms
[167.654s][info][gc] GC(27) Pause Young (Allocation Failure) 8M->6M(11M) 0.658ms
[167.660s][info][gc] GC(28) Pause Young (Allocation Failure) 8M->6M(11M) 0.615ms
[167.700s][info][gc] GC(29) Pause Full (Ergonomics) 6M->6M(11M) 39.190ms
[167.705s][info][gc] GC(30) Pause Young (Allocation Failure) 8M->6M(11M) 0.517ms
[167.711s][info][gc] GC(31) Pause Young (Allocation Failure) 8M->6M(11M) 0.871ms
[167.718s][info][gc] GC(32) Pause Young (Allocation Failure) 8M->6M(11M) 0.886ms
[167.723s][info][gc] GC(33) Pause Young (Allocation Failure) 8M->6M(11M) 0.638ms
[167.729s][info][gc] GC(34) Pause Young (Allocation Failure) 8M->7M(11M) 0.688ms
[170.539s][info][gc] GC(35) Pause Young (Allocation Failure) 9M->6M(11M) 0.570ms
[189.688s][info][gc] GC(36) Pause Young (Allocation Failure) 8M->6M(11M) 0.747ms
[210.703s][info][gc] GC(37) Pause Young (Allocation Failure) 8M->6M(11M) 0.480ms
[232.580s][info][gc] GC(38) Pause Young (Allocation Failure) 8M->6M(11M) 0.499ms
[242.739s][info][gc] GC(39) Pause Young (Allocation Failure) 8M->7M(11M) 0.758ms
[263.756s][info][gc] GC(40) Pause Young (Allocation Failure) 9M->6M(11M) 0.553ms
[285.600s][info][gc] GC(41) Pause Young (Allocation Failure) 8M->6M(11M) 0.493ms
[306.788s][info][gc] GC(42) Pause Young (Allocation Failure) 8M->7M(11M) 0.446ms
[327.613s][info][gc] GC(43) Pause Young (Allocation Failure) 9M->7M(11M) 0.439ms
[348.813s][info][gc] GC(44) Pause Young (Allocation Failure) 9M->7M(11M) 0.486ms
[359.822s][info][gc] GC(45) Pause Young (Allocation Failure) 9M->7M(11M) 0.753ms
[381.858s][info][gc] GC(46) Pause Young (Allocation Failure) 9M->7M(11M) 0.722ms
[403.646s][info][gc] GC(47) Pause Young (Allocation Failure) 9M->7M(11M) 1.002ms
[403.672s][info][gc] GC(48) Pause Full (Ergonomics) 7M->5M(11M) 26.261ms
[417.902s][info][gc] GC(49) Pause Young (Allocation Failure) 7M->6M(11M) 0.815ms
[439.916s][info][gc] GC(50) Pause Young (Allocation Failure) 8M->6M(11M) 0.967ms
[461.685s][info][gc] GC(51) Pause Young (Allocation Failure) 8M->6M(11M) 0.537ms
[482.942s][info][gc] GC(52) Pause Young (Allocation Failure) 8M->6M(11M) 0.643ms
[505.074s][info][gc] GC(53) Pause Young (Allocation Failure) 8M->6M(11M) 0.476ms
[527.064s][info][gc] GC(54) Pause Young (Allocation Failure) 8M->6M(11M) 0.692ms
[548.949s][info][gc] GC(55) Pause Young (Allocation Failure) 8M->6M(11M) 0.543ms
[570.160s][info][gc] GC(56) Pause Young (Allocation Failure) 8M->6M(11M) 0.550ms
[592.185s][info][gc] GC(57) Pause Young (Allocation Failure) 8M->6M(11M) 1.159ms
[613.984s][info][gc] GC(58) Pause Young (Allocation Failure) 8M->6M(11M) 0.598ms
[636.167s][info][gc] GC(59) Pause Young (Allocation Failure) 8M->6M(11M) 0.458ms
[658.321s][info][gc] GC(60) Pause Young (Allocation Failure) 8M->6M(11M) 0.637ms
[680.356s][info][gc] GC(61) Pause Young (Allocation Failure) 8M->6M(11M) 0.473ms
[702.372s][info][gc] GC(62) Pause Young (Allocation Failure) 8M->6M(11M) 0.534ms
[723.400s][info][gc] GC(63) Pause Young (Allocation Failure) 8M->6M(11M) 0.764ms
[744.468s][info][gc] GC(64) Pause Young (Allocation Failure) 8M->6M(11M) 0.518ms
[765.471s][info][gc] GC(65) Pause Young (Allocation Failure) 8M->6M(11M) 0.527ms
[793.414s][info][gc] GC(66) Pause Young (Allocation Failure) 8M->6M(11M) 0.501ms
[820.513s][info][gc] GC(67) Pause Young (Allocation Failure) 8M->6M(11M) 0.562ms
[853.552s][info][gc] GC(68) Pause Young (Allocation Failure) 9M->6M(11M) 0.489ms
[887.595s][info][gc] GC(69) Pause Young (Allocation Failure) 9M->6M(11M) 0.560ms
[920.450s][info][gc] GC(70) Pause Young (Allocation Failure) 9M->6M(11M) 0.513ms
[953.650s][info][gc] GC(71) Pause Young (Allocation Failure) 9M->6M(11M) 0.524ms
[987.685s][info][gc] GC(72) Pause Young (Allocation Failure) 9M->6M(11M) 0.661ms
[1021.711s][info][gc] GC(73) Pause Young (Allocation Failure) 9M->6M(11M) 0.588ms
[1054.744s][info][gc] GC(74) Pause Young (Allocation Failure) 9M->6M(11M) 0.465ms
[1088.550s][info][gc] GC(75) Pause Young (Allocation Failure) 9M->6M(11M) 0.452ms
[7865.652s][info][gc] GC(76) Pause Young (Allocation Failure) 9M->6M(11M) 0.850ms
[7899.685s][info][gc] GC(77) Pause Young (Allocation Failure) 9M->6M(11M) 0.512ms
[7933.304s][info][gc] GC(78) Pause Young (Allocation Failure) 9M->6M(11M) 0.547ms
[7958.723s][info][gc] GC(79) Pause Young (Allocation Failure) 9M->6M(11M) 0.713ms
[7989.746s][info][gc] GC(80) Pause Young (Allocation Failure) 9M->6M(11M) 0.630ms
[8022.347s][info][gc] GC(81) Pause Young (Allocation Failure) 9M->6M(11M) 0.551ms
[8054.802s][info][gc] GC(82) Pause Young (Allocation Failure) 9M->6M(11M) 0.573ms
[8088.854s][info][gc] GC(83) Pause Young (Allocation Failure) 9M->6M(11M) 0.699ms
[8122.899s][info][gc] GC(84) Pause Young (Allocation Failure) 9M->6M(11M) 0.549ms
[8156.387s][info][gc] GC(85) Pause Young (Allocation Failure) 9M->6M(11M) 0.613ms
[8190.398s][info][gc] GC(86) Pause Young (Allocation Failure) 9M->6M(11M) 0.708ms
[8224.019s][info][gc] GC(87) Pause Young (Allocation Failure) 9M->6M(11M) 0.571ms
[8257.059s][info][gc] GC(88) Pause Young (Allocation Failure) 9M->6M(11M) 0.648ms
[8291.092s][info][gc] GC(89) Pause Young (Allocation Failure) 9M->6M(11M) 0.582ms
[8325.128s][info][gc] GC(90) Pause Young (Allocation Failure) 9M->6M(11M) 0.631ms
[8359.171s][info][gc] GC(91) Pause Young (Allocation Failure) 9M->6M(11M) 0.713ms
[8393.197s][info][gc] GC(92) Pause Young (Allocation Failure) 9M->6M(11M) 0.653ms
[8427.229s][info][gc] GC(93) Pause Young (Allocation Failure) 9M->6M(11M) 0.797ms
