[0.015s][info][gc] Using Serial
[1.028s][info][gc] GC(0) Pause Young (Allocation Failure) 4M->2M(15M) 9.225ms
[7.928s][info][gc] GC(1) Pause Young (Allocation Failure) 6M->3M(15M) 5.048ms
[8.069s][info][gc] GC(2) Pause Young (Allocation Failure) 7M->4M(15M) 6.040ms
[8.175s][info][gc] GC(3) Pause Young (Allocation Failure) 8M->4M(15M) 3.440ms
[10.059s][info][gc] GC(4) Pause Young (Allocation Failure) 8M->5M(15M) 4.612ms
[10.573s][info][gc] GC(5) Pause Young (Allocation Failure) 9M->5M(15M) 5.216ms
[30.693s][info][gc] GC(6) Pause Young (Allocation Failure) 10M->6M(15M) 4.313ms
[30.722s][info][gc] GC(7) Pause Young (Allocation Failure) 10M->6M(15M) 1.297ms
[30.747s][info][gc] GC(8) Pause Young (Allocation Failure) 10M->6M(15M) 1.375ms
[30.774s][info][gc] GC(9) Pause Young (Allocation Failure) 10M->6M(15M) 1.406ms
[30.787s][info][gc] GC(10) Pause Young (Allocation Failure) 10M->6M(15M) 1.162ms
[30.805s][info][gc] GC(11) Pause Young (Allocation Failure) 10M->6M(15M) 1.327ms
[30.821s][info][gc] GC(12) Pause Young (Allocation Failure) 10M->6M(15M) 1.472ms
[30.837s][info][gc] GC(13) Pause Young (Allocation Failure) 10M->6M(15M) 1.259ms
[30.849s][info][gc] GC(14) Pause Young (Allocation Failure) 10M->6M(15M) 1.006ms
[30.861s][info][gc] GC(15) Pause Young (Allocation Failure) 10M->6M(15M) 1.505ms
[30.870s][info][gc] GC(16) Pause Young (Allocation Failure) 10M->6M(15M) 0.926ms
[30.877s][info][gc] GC(17) Pause Young (Allocation Failure) 10M->6M(15M) 1.062ms
[30.881s][info][gc] GC(18) Pause Young (Allocation Failure) 10M->6M(15M) 0.825ms
[30.886s][info][gc] GC(19) Pause Young (Allocation Failure) 10M->6M(15M) 0.862ms
[30.891s][info][gc] GC(20) Pause Young (Allocation Failure) 10M->6M(15M) 0.894ms
[30.896s][info][gc] GC(21) Pause Young (Allocation Failure) 10M->6M(15M) 0.900ms
[46.684s][info][gc] GC(22) Pause Young (Allocation Failure) 10M->6M(15M) 3.547ms
[89.809s][info][gc] GC(23) Pause Young (Allocation Failure) 10M->6M(15M) 2.917ms
[89.879s][info][gc] GC(24) Pause Young (Allocation Failure) 10M->6M(15M) 0.680ms
[89.884s][info][gc] GC(25) Pause Young (Allocation Failure) 10M->6M(15M) 0.730ms
[89.889s][info][gc] GC(26) Pause Young (Allocation Failure) 10M->6M(15M) 0.620ms
[89.893s][info][gc] GC(27) Pause Young (Allocation Failure) 10M->6M(15M) 0.770ms
[89.898s][info][gc] GC(28) Pause Young (Allocation Failure) 10M->6M(15M) 0.950ms
[89.904s][info][gc] GC(29) Pause Young (Allocation Failure) 10M->6M(15M) 1.035ms
[89.909s][info][gc] GC(30) Pause Young (Allocation Failure) 10M->6M(15M) 0.767ms
[89.914s][info][gc] GC(31) Pause Young (Allocation Failure) 10M->6M(15M) 0.616ms
[89.918s][info][gc] GC(32) Pause Young (Allocation Failure) 10M->6M(15M) 0.848ms
[89.923s][info][gc] GC(33) Pause Young (Allocation Failure) 10M->6M(15M) 0.762ms
[89.930s][info][gc] GC(34) Pause Young (Allocation Failure) 10M->6M(15M) 0.877ms
[89.938s][info][gc] GC(35) Pause Young (Allocation Failure) 10M->6M(15M) 0.960ms
[89.945s][info][gc] GC(36) Pause Young (Allocation Failure) 10M->6M(15M) 1.031ms
[89.952s][info][gc] GC(37) Pause Young (Allocation Failure) 10M->6M(15M) 0.903ms
[89.960s][info][gc] GC(38) Pause Young (Allocation Failure) 10M->6M(15M) 0.926ms
[102.756s][info][gc] GC(39) Pause Young (Allocation Failure) 10M->6M(15M) 2.863ms
[147.814s][info][gc] GC(40) Pause Young (Allocation Failure) 10M->6M(15M) 0.681ms
