[0.013s][info][gc] Using Serial
[1.103s][info][gc] GC(0) Pause Young (Allocation Failure) 4M->2M(15M) 9.770ms
[2.839s][info][gc] GC(1) Pause Young (Allocation Failure) 6M->3M(15M) 6.674ms
[2.991s][info][gc] GC(2) Pause Young (Allocation Failure) 7M->4M(15M) 6.469ms
[3.074s][info][gc] GC(3) Pause Young (Allocation Failure) 8M->4M(15M) 3.502ms
[3.908s][info][gc] GC(4) Pause Young (Allocation Failure) 8M->5M(15M) 4.451ms
[4.204s][info][gc] GC(5) Pause Young (Allocation Failure) 9M->5M(15M) 4.636ms
[30.350s][info][gc] GC(6) Pause Young (Allocation Failure) 10M->6M(15M) 2.983ms
[30.377s][info][gc] GC(7) Pause Young (Allocation Failure) 10M->6M(15M) 0.941ms
[30.392s][info][gc] GC(8) Pause Young (Allocation Failure) 10M->6M(15M) 1.000ms
[30.405s][info][gc] GC(9) Pause Young (Allocation Failure) 10M->6M(15M) 1.361ms
[30.429s][info][gc] GC(10) Pause Young (Allocation Failure) 10M->6M(15M) 1.108ms
[30.441s][info][gc] GC(11) Pause Young (Allocation Failure) 10M->6M(15M) 0.872ms
[30.449s][info][gc] GC(12) Pause Young (Allocation Failure) 10M->6M(15M) 1.065ms
[30.457s][info][gc] GC(13) Pause Young (Allocation Failure) 10M->6M(15M) 0.911ms
[30.466s][info][gc] GC(14) Pause Young (Allocation Failure) 10M->6M(15M) 0.959ms
[30.475s][info][gc] GC(15) Pause Young (Allocation Failure) 10M->6M(15M) 1.147ms
[30.483s][info][gc] GC(16) Pause Young (Allocation Failure) 10M->6M(15M) 1.093ms
[30.490s][info][gc] GC(17) Pause Young (Allocation Failure) 10M->6M(15M) 0.867ms
[30.494s][info][gc] GC(18) Pause Young (Allocation Failure) 10M->6M(15M) 0.878ms
[30.499s][info][gc] GC(19) Pause Young (Allocation Failure) 10M->6M(15M) 0.858ms
[30.504s][info][gc] GC(20) Pause Young (Allocation Failure) 10M->6M(15M) 0.866ms
[30.509s][info][gc] GC(21) Pause Young (Allocation Failure) 10M->6M(15M) 1.013ms
[30.515s][info][gc] GC(22) Pause Young (Allocation Failure) 10M->6M(15M) 0.626ms
[64.544s][info][gc] GC(23) Pause Young (Allocation Failure) 10M->6M(15M) 3.111ms
[90.760s][info][gc] GC(24) Pause Young (Allocation Failure) 10M->6M(15M) 1.390ms
[90.770s][info][gc] GC(25) Pause Young (Allocation Failure) 10M->6M(15M) 0.794ms
[90.775s][info][gc] GC(26) Pause Young (Allocation Failure) 10M->6M(15M) 0.763ms
[90.780s][info][gc] GC(27) Pause Young (Allocation Failure) 10M->6M(15M) 0.672ms
[90.785s][info][gc] GC(28) Pause Young (Allocation Failure) 10M->6M(15M) 0.852ms
[90.790s][info][gc] GC(29) Pause Young (Allocation Failure) 10M->6M(15M) 0.845ms
[90.794s][info][gc] GC(30) Pause Young (Allocation Failure) 10M->6M(15M) 0.710ms
[90.799s][info][gc] GC(31) Pause Young (Allocation Failure) 10M->6M(15M) 0.725ms
[90.804s][info][gc] GC(32) Pause Young (Allocation Failure) 10M->6M(15M) 0.744ms
[90.808s][info][gc] GC(33) Pause Young (Allocation Failure) 10M->6M(15M) 0.736ms
[90.813s][info][gc] GC(34) Pause Young (Allocation Failure) 10M->6M(15M) 0.633ms
[90.817s][info][gc] GC(35) Pause Young (Allocation Failure) 10M->6M(15M) 0.655ms
[90.822s][info][gc] GC(36) Pause Young (Allocation Failure) 10M->6M(15M) 0.692ms
[90.827s][info][gc] GC(37) Pause Young (Allocation Failure) 10M->6M(15M) 0.759ms
[90.832s][info][gc] GC(38) Pause Young (Allocation Failure) 10M->6M(15M) 0.783ms
[90.836s][info][gc] GC(39) Pause Young (Allocation Failure) 10M->6M(15M) 0.594ms
[97.379s][info][gc] GC(40) Pause Young (Allocation Failure) 10M->6M(15M) 1.701ms
[142.569s][info][gc] GC(41) Pause Young (Allocation Failure) 10M->6M(15M) 0.688ms
