[0.012s][info][gc] Using Parallel
[9.572s][info][gc] GC(0) Pause Young (Allocation Failure) 5M->2M(19M) 6.210ms
[9.783s][info][gc] GC(1) Pause Young (Allocation Failure) 8M->3M(19M) 4.923ms
[9.891s][info][gc] GC(2) Pause Young (Allocation Failure) 9M->4M(19M) 3.991ms
[10.915s][info][gc] GC(3) Pause Young (Allocation Failure) 10M->5M(19M) 5.122ms
[19.401s][info][gc] GC(4) Pause Young (Allocation Failure) 11M->6M(19M) 8.367ms
[63.465s][info][gc] GC(5) Pause Young (Allocation Failure) 12M->6M(16M) 5.539ms
[89.494s][info][gc] GC(6) Pause Young (Allocation Failure) 9M->6M(18M) 3.341ms
[115.529s][info][gc] GC(7) Pause Young (Allocation Failure) 9M->6M(18M) 3.288ms
[141.443s][info][gc] GC(8) Pause Young (Allocation Failure) 9M->6M(18M) 2.481ms
[167.578s][info][gc] GC(9) Pause Young (Allocation Failure) 9M->6M(18M) 1.424ms
[194.596s][info][gc] GC(10) Pause Young (Allocation Failure) 9M->6M(18M) 0.341ms
[221.628s][info][gc] GC(11) Pause Young (Allocation Failure) 9M->6M(18M) 1.089ms
[248.650s][info][gc] GC(12) Pause Young (Allocation Failure) 9M->6M(18M) 1.099ms
[275.670s][info][gc] GC(13) Pause Young (Allocation Failure) 9M->6M(18M) 1.116ms
[303.492s][info][gc] GC(14) Pause Young (Allocation Failure) 9M->6M(18M) 0.347ms
[330.732s][info][gc] GC(15) Pause Young (Allocation Failure) 9M->6M(18M) 0.369ms
[357.769s][info][gc] GC(16) Pause Young (Allocation Failure) 9M->6M(18M) 0.472ms
[384.786s][info][gc] GC(17) Pause Young (Allocation Failure) 9M->6M(18M) 1.132ms
[402.912s][info][gc] GC(18) Pause Young (Allocation Failure) 8M->6M(18M) 0.436ms
[419.821s][info][gc] GC(19) Pause Young (Allocation Failure) 9M->7M(18M) 1.294ms
[446.924s][info][gc] GC(20) Pause Young (Allocation Failure) 10M->7M(18M) 2.639ms
[474.869s][info][gc] GC(21) Pause Young (Allocation Failure) 10M->7M(18M) 0.355ms
[501.906s][info][gc] GC(22) Pause Young (Allocation Failure) 10M->7M(18M) 1.062ms
[529.929s][info][gc] GC(23) Pause Young (Allocation Failure) 10M->7M(18M) 1.569ms
[556.954s][info][gc] GC(24) Pause Young (Allocation Failure) 10M->7M(18M) 0.673ms
[557.258s][info][gc] GC(25) Pause Young (Allocation Failure) 10M->8M(18M) 0.675ms
[557.268s][info][gc] GC(26) Pause Young (Allocation Failure) 11M->8M(18M) 1.168ms
[557.274s][info][gc] GC(27) Pause Young (Allocation Failure) 11M->9M(18M) 0.434ms
[557.279s][info][gc] GC(28) Pause Young (Allocation Failure) 11M->9M(18M) 0.522ms
[557.285s][info][gc] GC(29) Pause Young (Allocation Failure) 11M->9M(18M) 0.375ms
[557.292s][info][gc] GC(30) Pause Young (Allocation Failure) 12M->9M(18M) 0.442ms
[557.298s][info][gc] GC(31) Pause Young (Allocation Failure) 12M->9M(18M) 0.619ms
[557.303s][info][gc] GC(32) Pause Young (Allocation Failure) 13M->9M(18M) 0.403ms
[557.308s][info][gc] GC(33) Pause Young (Allocation Failure) 13M->9M(18M) 0.379ms
[565.963s][info][gc] GC(34) Pause Young (Allocation Failure) 13M->9M(18M) 1.180ms
[603.982s][info][gc] GC(35) Pause Young (Allocation Failure) 13M->9M(18M) 0.401ms
[641.061s][info][gc] GC(36) Pause Young (Allocation Failure) 13M->9M(18M) 0.640ms
[679.070s][info][gc] GC(37) Pause Young (Allocation Failure) 13M->9M(19M) 0.619ms
[724.034s][info][gc] GC(38) Pause Young (Allocation Failure) 13M->9M(18M) 1.003ms
[769.156s][info][gc] GC(39) Pause Young (Allocation Failure) 13M->9M(19M) 0.329ms
[807.198s][info][gc] GC(40) Pause Young (Allocation Failure) 14M->10M(19M) 0.527ms
[857.250s][info][gc] GC(41) Pause Young (Allocation Failure) 15M->9M(18M) 1.062ms
[897.281s][info][gc] GC(42) Pause Young (Allocation Failure) 13M->9M(18M) 1.307ms
[936.314s][info][gc] GC(43) Pause Young (Allocation Failure) 13M->9M(19M) 0.664ms
[970.327s][info][gc] GC(44) Pause Young (Allocation Failure) 13M->10M(18M) 0.662ms
[1015.345s][info][gc] GC(45) Pause Young (Allocation Failure) 14M->10M(18M) 0.712ms
[1053.690s][info][gc] GC(46) Pause Young (Allocation Failure) 14M->10M(18M) 0.338ms
[1093.404s][info][gc] GC(47) Pause Young (Allocation Failure) 14M->10M(18M) 1.191ms
[1133.445s][info][gc] GC(48) Pause Young (Allocation Failure) 14M->10M(18M) 1.151ms
[1172.573s][info][gc] GC(49) Pause Young (Allocation Failure) 14M->10M(19M) 0.944ms
[1223.598s][info][gc] GC(50) Pause Young (Allocation Failure) 15M->10M(19M) 1.156ms
[1246.744s][info][gc] GC(51) Pause Young (Allocation Failure) 15M->11M(19M) 1.642ms
[1246.751s][info][gc] GC(52) Pause Young (Allocation Failure) 16M->12M(19M) 0.545ms
[1246.759s][info][gc] GC(53) Pause Young (Allocation Failure) 16M->12M(19M) 0.799ms
[1246.766s][info][gc] GC(54) Pause Young (Allocation Failure) 16M->12M(19M) 0.400ms
[1246.773s][info][gc] GC(55) Pause Young (Allocation Failure) 16M->12M(19M) 0.632ms
[1246.779s][info][gc] GC(56) Pause Young (Allocation Failure) 17M->12M(19M) 0.403ms
[1258.606s][info][gc] GC(57) Pause Young (Allocation Failure) 17M->12M(19M) 0.592ms
[1309.654s][info][gc] GC(58) Pause Young (Allocation Failure) 16M->12M(19M) 0.502ms
[1319.848s][info][gc] GC(59) Pause Young (Allocation Failure) 16M->13M(18M) 0.705ms
[1319.854s][info][gc] GC(60) Pause Young (Allocation Failure) 16M->13M(18M) 1.137ms
[1319.881s][info][gc] GC(61) Pause Full (Ergonomics) 13M->6M(19M) 25.997ms
[1319.887s][info][gc] GC(62) Pause Young (Allocation Failure) 11M->7M(19M) 0.538ms
[1319.893s][info][gc] GC(63) Pause Young (Allocation Failure) 11M->7M(19M) 0.335ms
[1319.899s][info][gc] GC(64) Pause Young (Allocation Failure) 12M->7M(19M) 0.372ms
[1319.905s][info][gc] GC(65) Pause Young (Allocation Failure) 12M->7M(19M) 0.337ms
[1336.690s][info][gc] GC(66) Pause Young (Allocation Failure) 12M->7M(19M) 2.799ms
[1385.758s][info][gc] GC(67) Pause Young (Allocation Failure) 12M->7M(19M) 0.664ms
[1435.729s][info][gc] GC(68) Pause Young (Allocation Failure) 12M->7M(19M) 0.976ms
