[0.044s][info][gc] Using The Z Garbage Collector
[0.218s][info][gc] GC(0) Garbage Collection (Warmup) 4M(17%)->4M(17%)
[0.905s][info][gc] GC(1) Garbage Collection (Warmup) 6M(25%)->6M(25%)
[1.213s][info][gc] GC(2) Garbage Collection (Warmup) 8M(33%)->6M(25%)
[3.740s][info][gc] GC(3) Garbage Collection (Proactive) 12M(50%)->8M(33%)
[3.945s][info][gc] GC(4) Garbage Collection (Allocation Rate) 14M(58%)->10M(42%)
[4.031s][info][gc] GC(5) Garbage Collection (Allocation Rate) 12M(50%)->8M(33%)
[4.116s][info][gc] GC(6) Garbage Collection (Allocation Rate) 8M(33%)->8M(33%)
[4.209s][info][gc] GC(7) Garbage Collection (Allocation Rate) 8M(33%)->8M(33%)
[4.337s][info][gc] GC(8) Garbage Collection (Allocation Rate) 8M(33%)->8M(33%)
[4.428s][info][gc] GC(9) Garbage Collection (Allocation Rate) 8M(33%)->8M(33%)
[4.544s][info][gc] GC(10) Garbage Collection (Allocation Rate) 8M(33%)->8M(33%)
[5.138s][info][gc] GC(11) Garbage Collection (Allocation Rate) 16M(67%)->10M(42%)
[7.548s][info][gc] GC(12) Garbage Collection (Proactive) 14M(58%)->10M(42%)
[28.338s][info][gc] GC(13) Garbage Collection (Proactive) 14M(58%)->8M(33%)
[39.329s][info][gc] GC(14) Garbage Collection (Proactive) 12M(50%)->8M(33%)
[52.343s][info][gc] GC(15) Garbage Collection (Proactive) 12M(50%)->8M(33%)
[65.318s][info][gc] GC(16) Garbage Collection (Proactive) 12M(50%)->8M(33%)
[72.343s][info][gc] GC(17) Garbage Collection (Proactive) 12M(50%)->10M(42%)
[98.321s][info][gc] GC(18) Garbage Collection (Proactive) 14M(58%)->10M(42%)
[131.326s][info][gc] GC(19) Garbage Collection (Proactive) 14M(58%)->8M(33%)
[141.434s][info][gc] GC(20) Garbage Collection (Proactive) 12M(50%)->8M(33%)
[155.417s][info][gc] GC(21) Garbage Collection (Proactive) 12M(50%)->8M(33%)
[172.442s][info][gc] GC(22) Garbage Collection (Proactive) 12M(50%)->8M(33%)
[181.316s][info][gc] GC(23) Garbage Collection (Proactive) 12M(50%)->12M(50%)
[209.557s][info][gc] GC(24) Garbage Collection (Proactive) 16M(67%)->10M(42%)
[225.520s][info][gc] GC(25) Garbage Collection (Proactive) 14M(58%)->10M(42%)
[238.551s][info][gc] GC(26) Garbage Collection (Proactive) 14M(58%)->10M(42%)
[252.515s][info][gc] GC(27) Garbage Collection (Proactive) 14M(58%)->10M(42%)
[266.523s][info][gc] GC(28) Garbage Collection (Proactive) 14M(58%)->10M(42%)
[282.518s][info][gc] GC(29) Garbage Collection (Proactive) 14M(58%)->10M(42%)
[297.644s][info][gc] GC(30) Garbage Collection (Proactive) 14M(58%)->10M(42%)
[308.631s][info][gc] GC(31) Garbage Collection (Proactive) 14M(58%)->10M(42%)
[325.521s][info][gc] GC(32) Garbage Collection (Proactive) 14M(58%)->10M(42%)
[330.322s][info][gc] Allocation Stall (main) 7.703ms
[330.324s][info][gc] GC(33) Garbage Collection (Proactive) 16M(67%)->22M(92%)
[330.351s][info][gc] Allocation Stall (main) 23.844ms
[330.353s][info][gc] GC(34) Garbage Collection (Allocation Stall) 24M(100%)->16M(67%)
[330.383s][info][gc] Allocation Stall (main) 19.895ms
[330.385s][info][gc] GC(35) Garbage Collection (Allocation Stall) 24M(100%)->16M(67%)
[330.424s][info][gc] GC(36) Garbage Collection (Allocation Rate) 22M(92%)->10M(42%)
[330.519s][info][gc] GC(37) Garbage Collection (Allocation Rate) 12M(50%)->10M(42%)
[330.631s][info][gc] GC(38) Garbage Collection (Allocation Rate) 12M(50%)->10M(42%)
[330.742s][info][gc] GC(39) Garbage Collection (Allocation Rate) 10M(42%)->10M(42%)
[330.836s][info][gc] GC(40) Garbage Collection (Allocation Rate) 10M(42%)->10M(42%)
[330.935s][info][gc] GC(41) Garbage Collection (Allocation Rate) 10M(42%)->10M(42%)
[331.045s][info][gc] GC(42) Garbage Collection (Allocation Rate) 10M(42%)->10M(42%)
[331.146s][info][gc] GC(43) Garbage Collection (Allocation Rate) 10M(42%)->10M(42%)
[331.233s][info][gc] GC(44) Garbage Collection (Allocation Rate) 10M(42%)->10M(42%)
[331.440s][info][gc] GC(45) Garbage Collection (Allocation Rate) 10M(42%)->10M(42%)
[331.511s][info][gc] GC(46) Garbage Collection (Allocation Rate) 12M(50%)->10M(42%)
[331.631s][info][gc] GC(47) Garbage Collection (Allocation Rate) 12M(50%)->10M(42%)
[331.740s][info][gc] GC(48) Garbage Collection (Allocation Rate) 10M(42%)->10M(42%)
[331.854s][info][gc] GC(49) Garbage Collection (Allocation Rate) 10M(42%)->10M(42%)
[331.925s][info][gc] GC(50) Garbage Collection (Allocation Rate) 10M(42%)->10M(42%)
[332.046s][info][gc] GC(51) Garbage Collection (Allocation Rate) 10M(42%)->10M(42%)
[332.140s][info][gc] GC(52) Garbage Collection (Allocation Rate) 10M(42%)->10M(42%)
[332.211s][info][gc] GC(53) Garbage Collection (Allocation Rate) 10M(42%)->10M(42%)
[347.631s][info][gc] GC(54) Garbage Collection (Proactive) 14M(58%)->10M(42%)
[361.627s][info][gc] GC(55) Garbage Collection (Proactive) 14M(58%)->10M(42%)
[377.615s][info][gc] GC(56) Garbage Collection (Proactive) 14M(58%)->10M(42%)
[394.625s][info][gc] GC(57) Garbage Collection (Proactive) 14M(58%)->10M(42%)
[411.625s][info][gc] GC(58) Garbage Collection (Proactive) 14M(58%)->10M(42%)
[425.757s][info][gc] GC(59) Garbage Collection (Proactive) 14M(58%)->10M(42%)
[442.645s][info][gc] GC(60) Garbage Collection (Proactive) 14M(58%)->12M(50%)
[473.752s][info][gc] GC(61) Garbage Collection (Proactive) 16M(67%)->10M(42%)
[483.026s][info][gc] GC(62) Garbage Collection (Proactive) 14M(58%)->12M(50%)
[496.754s][info][gc] GC(63) Garbage Collection (Proactive) 16M(67%)->10M(42%)
[513.737s][info][gc] GC(64) Garbage Collection (Proactive) 14M(58%)->10M(42%)
[530.612s][info][gc] GC(65) Garbage Collection (Proactive) 14M(58%)->10M(42%)
[544.856s][info][gc] GC(66) Garbage Collection (Proactive) 14M(58%)->10M(42%)
[561.618s][info][gc] GC(67) Garbage Collection (Proactive) 14M(58%)->10M(42%)
[577.848s][info][gc] GC(68) Garbage Collection (Proactive) 14M(58%)->10M(42%)
[594.854s][info][gc] GC(69) Garbage Collection (Proactive) 14M(58%)->10M(42%)
[599.921s][info][gc] GC(70) Garbage Collection (Proactive) 14M(58%)->12M(50%)
[610.829s][info][gc] GC(71) Garbage Collection (Proactive) 16M(67%)->12M(50%)
[627.816s][info][gc] GC(72) Garbage Collection (Proactive) 16M(67%)->12M(50%)
[642.820s][info][gc] GC(73) Garbage Collection (Proactive) 16M(67%)->12M(50%)
[659.822s][info][gc] GC(74) Garbage Collection (Proactive) 16M(67%)->12M(50%)
[674.833s][info][gc] GC(75) Garbage Collection (Proactive) 16M(67%)->12M(50%)
[691.914s][info][gc] GC(76) Garbage Collection (Proactive) 16M(67%)->12M(50%)
[708.924s][info][gc] GC(77) Garbage Collection (Proactive) 16M(67%)->12M(50%)
[722.732s][info][gc] GC(78) Garbage Collection (Proactive) 16M(67%)->10M(42%)
[738.944s][info][gc] GC(79) Garbage Collection (Proactive) 14M(58%)->10M(42%)
[755.950s][info][gc] GC(80) Garbage Collection (Proactive) 14M(58%)->10M(42%)
[772.930s][info][gc] GC(81) Garbage Collection (Proactive) 14M(58%)->10M(42%)
[787.942s][info][gc] GC(82) Garbage Collection (Proactive) 14M(58%)->10M(42%)
[804.923s][info][gc] GC(83) Garbage Collection (Proactive) 14M(58%)->10M(42%)
[821.941s][info][gc] GC(84) Garbage Collection (Proactive) 14M(58%)->10M(42%)
[839.029s][info][gc] GC(85) Garbage Collection (Proactive) 14M(58%)->10M(42%)
[854.037s][info][gc] GC(86) Garbage Collection (Proactive) 14M(58%)->10M(42%)
